Loading plugins phase: Elapsed time ==> 0s.329ms
<CYPRESSTAG name="CyDsfit arguments...">
cydsfit arguments: -.fdsnotice -.fdswarpdepfile=warp_dependencies.txt -.fdselabdepfile=elab_dependencies.txt -.fdsbldfile=generated_files.txt -.fdsreffile=referenced_files.txt -p C:\Users\vboxuser\HuskyRobotics\General_Purpose_Motor_Board_PY2023\GeneralPurposeMotorBoard\GeneralPurposeMotorBoard.cydsn\GeneralPurposeMotorBoard.cyprj -d CY8C4248BZI-L489 -s C:\Users\vboxuser\HuskyRobotics\General_Purpose_Motor_Board_PY2023\GeneralPurposeMotorBoard\GeneralPurposeMotorBoard.cydsn\Generated_Source\PSoC4 -- -yv2 -q10 -ygs -o2 -v3 -.fftcfgtype=LE
</CYPRESSTAG>
<CYPRESSTAG name="Design elaboration results...">
ADD: sdb.M0012: error: Terminals "GND_1.T1,ADC_SAR_Seq_1.vinMinus0" connected to signal "Net_1323" have mismatching types.
 * C:\Users\vboxuser\HuskyRobotics\General_Purpose_Motor_Board_PY2023\GeneralPurposeMotorBoard\GeneralPurposeMotorBoard.cydsn\TopDesign\TopDesign.cysch (Signal: Net_1323)
 * C:\Users\vboxuser\HuskyRobotics\General_Purpose_Motor_Board_PY2023\GeneralPurposeMotorBoard\GeneralPurposeMotorBoard.cydsn\TopDesign\TopDesign.cysch (Shape_624.19)
 * C:\Users\vboxuser\HuskyRobotics\General_Purpose_Motor_Board_PY2023\GeneralPurposeMotorBoard\GeneralPurposeMotorBoard.cydsn\TopDesign\TopDesign.cysch (vinMinus0)
 * C:\Users\vboxuser\HuskyRobotics\General_Purpose_Motor_Board_PY2023\GeneralPurposeMotorBoard\GeneralPurposeMotorBoard.cydsn\TopDesign\TopDesign.cysch (Shape_649.10)
 * C:\Users\vboxuser\HuskyRobotics\General_Purpose_Motor_Board_PY2023\GeneralPurposeMotorBoard\GeneralPurposeMotorBoard.cydsn\TopDesign\TopDesign.cysch (T1)
 * C:\Users\vboxuser\HuskyRobotics\General_Purpose_Motor_Board_PY2023\GeneralPurposeMotorBoard\GeneralPurposeMotorBoard.cydsn\TopDesign\TopDesign.cysch (Shape_650)

ADD: sdb.M0060: warning: Warning in component: CAN_1. The SYSCLK clock accuracy should be 1.58% or better. Please, enable WCO PLL in the Design-Wide Resource (*.cydwr) editor or use an external clock to meet the CAN accurate clocking requirements.
 * C:\Users\vboxuser\HuskyRobotics\General_Purpose_Motor_Board_PY2023\GeneralPurposeMotorBoard\GeneralPurposeMotorBoard.cydsn\TopDesign\TopDesign.cysch (Instance:CAN_1)

</CYPRESSTAG>
Elaboration phase: Elapsed time ==> 2s.939ms
